zodiac@owgrant:/mnt/d/mygit/Infrastructure-as-a-code/terraform$ terraform apply -auto-approve

Terraform used the selected providers to generate the following execution plan. Resource actions are indicated with the following symbols:
  + create

Terraform will perform the following actions:

  # yandex_compute_instance.wp-app-1 will be created
  + resource "yandex_compute_instance" "wp-app-1" {
      + created_at                = (known after apply)
      + folder_id                 = (known after apply)
      + fqdn                      = (known after apply)
      + gpu_cluster_id            = (known after apply)
      + hardware_generation       = (known after apply)
      + hostname                  = (known after apply)
      + id                        = (known after apply)
      + maintenance_grace_period  = (known after apply)
      + maintenance_policy        = (known after apply)
      + metadata                  = {
          + "ssh-keys" = <<-EOT
                zodiac:ssh-ed25519 AAAAC3NzaC1lZDI1NTE5AAAAID0rnf1HQQsnE9a3AGgRuy0qZevnBV/7fHdqdgha9CBf zodiac@owgrant
            EOT
        }
      + name                      = "wp-app-1"
      + network_acceleration_type = "standard"
      + platform_id               = "standard-v1"
      + status                    = (known after apply)
      + zone                      = "ru-central1-a"

      + boot_disk {
          + auto_delete = true
          + device_name = (known after apply)
          + disk_id     = (known after apply)
          + mode        = (known after apply)

          + initialize_params {
              + block_size  = (known after apply)
              + description = (known after apply)
              + image_id    = "fd80viupr3qjr5g6g9du"
              + name        = (known after apply)
              + size        = (known after apply)
              + snapshot_id = (known after apply)
              + type        = "network-hdd"
            }
        }

      + metadata_options (known after apply)

      + network_interface {
          + index          = (known after apply)
          + ip_address     = (known after apply)
          + ipv4           = true
          + ipv6           = (known after apply)
          + ipv6_address   = (known after apply)
          + mac_address    = (known after apply)
          + nat            = true
          + nat_ip_address = (known after apply)
          + nat_ip_version = (known after apply)
          + subnet_id      = (known after apply)
        }

      + placement_policy (known after apply)

      + resources {
          + core_fraction = 100
          + cores         = 2
          + memory        = 2
        }

      + scheduling_policy (known after apply)
    }

  # yandex_compute_instance.wp-app-2 will be created
  + resource "yandex_compute_instance" "wp-app-2" {
      + created_at                = (known after apply)
      + folder_id                 = (known after apply)
      + fqdn                      = (known after apply)
      + gpu_cluster_id            = (known after apply)
      + hardware_generation       = (known after apply)
      + hostname                  = (known after apply)
      + id                        = (known after apply)
      + maintenance_grace_period  = (known after apply)
      + maintenance_policy        = (known after apply)
      + metadata                  = {
          + "ssh-keys" = <<-EOT
                zodiac:ssh-ed25519 AAAAC3NzaC1lZDI1NTE5AAAAID0rnf1HQQsnE9a3AGgRuy0qZevnBV/7fHdqdgha9CBf zodiac@owgrant
            EOT
        }
      + name                      = "wp-app-2"
      + network_acceleration_type = "standard"
      + platform_id               = "standard-v1"
      + status                    = (known after apply)
      + zone                      = "ru-central1-b"

      + boot_disk {
          + auto_delete = true
          + device_name = (known after apply)
          + disk_id     = (known after apply)
          + mode        = (known after apply)

          + initialize_params {
              + block_size  = (known after apply)
              + description = (known after apply)
              + image_id    = "fd80viupr3qjr5g6g9du"
              + name        = (known after apply)
              + size        = (known after apply)
              + snapshot_id = (known after apply)
              + type        = "network-hdd"
            }
        }

      + metadata_options (known after apply)

      + network_interface {
          + index          = (known after apply)
          + ip_address     = (known after apply)
          + ipv4           = true
          + ipv6           = (known after apply)
          + ipv6_address   = (known after apply)
          + mac_address    = (known after apply)
          + nat            = true
          + nat_ip_address = (known after apply)
          + nat_ip_version = (known after apply)
          + subnet_id      = (known after apply)
        }

      + placement_policy (known after apply)

      + resources {
          + core_fraction = 100
          + cores         = 2
          + memory        = 2
        }

      + scheduling_policy (known after apply)
    }

  # yandex_lb_network_load_balancer.wp_lb will be created
  + resource "yandex_lb_network_load_balancer" "wp_lb" {
      + allow_zonal_shift   = (known after apply)
      + created_at          = (known after apply)
      + deletion_protection = (known after apply)
      + folder_id           = (known after apply)
      + id                  = (known after apply)
      + name                = "wp-network-load-balancer"
      + region_id           = (known after apply)
      + type                = "external"

      + attached_target_group {
          + target_group_id = (known after apply)

          + healthcheck {
              + healthy_threshold   = 2
              + interval            = 2
              + name                = "tcp"
              + timeout             = 1
              + unhealthy_threshold = 2

              + tcp_options {
                  + port = 80
                }
            }
        }

      + listener {
          + name        = "wp-listener"
          + port        = 80
          + protocol    = (known after apply)
          + target_port = (known after apply)

          + external_address_spec {
              + address    = (known after apply)
              + ip_version = "ipv4"
            }
        }
    }

  # yandex_lb_target_group.wp_tg will be created
  + resource "yandex_lb_target_group" "wp_tg" {
      + created_at      = (known after apply)
      + description     = (known after apply)
      + folder_id       = (known after apply)
      + id              = (known after apply)
      + labels          = (known after apply)
      + name            = "wp-target-group"
      + region_id       = (known after apply)
      + target_group_id = (known after apply)

      + target {
          + address   = (known after apply)
          + subnet_id = (known after apply)
        }
      + target {
          + address   = (known after apply)
          + subnet_id = (known after apply)
        }
    }

  # yandex_mdb_mysql_cluster.wp_mysql will be created
  + resource "yandex_mdb_mysql_cluster" "wp_mysql" {
      + allow_regeneration_host   = false
      + backup_retain_period_days = (known after apply)
      + created_at                = (known after apply)
      + deletion_protection       = (known after apply)
      + disk_encryption_key_id    = (known after apply)
      + environment               = "PRODUCTION"
      + folder_id                 = "b1g7a8t1n2r7kej2q8rl"
      + health                    = (known after apply)
      + host_group_ids            = (known after apply)
      + id                        = (known after apply)
      + mysql_config              = (known after apply)
      + name                      = "wp-mysql"
      + network_id                = (known after apply)
      + status                    = (known after apply)
      + version                   = "8.0"

      + access (known after apply)

      + backup_window_start (known after apply)

      + disk_size_autoscaling (known after apply)

      + host {
          + assign_public_ip   = true
          + fqdn               = (known after apply)
          + replication_source = (known after apply)
          + subnet_id          = (known after apply)
          + zone               = "ru-central1-a"
        }
      + host {
          + assign_public_ip   = true
          + fqdn               = (known after apply)
          + replication_source = (known after apply)
          + subnet_id          = (known after apply)
          + zone               = "ru-central1-b"
        }

      + maintenance_window (known after apply)

      + performance_diagnostics (known after apply)

      + resources {
          + disk_size          = 16
          + disk_type_id       = "network-ssd"
          + resource_preset_id = "s2.micro"
        }
    }

  # yandex_mdb_mysql_database.wp_db will be created
  + resource "yandex_mdb_mysql_database" "wp_db" {
      + cluster_id = (known after apply)
      + id         = (known after apply)
      + name       = "db"
    }

  # yandex_mdb_mysql_user.wp_db_user will be created
  + resource "yandex_mdb_mysql_user" "wp_db_user" {
      + authentication_plugin = "MYSQL_NATIVE_PASSWORD"
      + cluster_id            = (known after apply)
      + connection_manager    = (known after apply)
      + generate_password     = false
      + global_permissions    = (known after apply)
      + id                    = (known after apply)
      + name                  = "user"
      + password              = (sensitive value)

      + connection_limits (known after apply)

      + permission {
          + database_name = "db"
          + roles         = [
              + "ALL",
            ]
        }
    }

  # yandex_vpc_network.wp-network[0] will be created
  + resource "yandex_vpc_network" "wp-network" {
      + created_at                = (known after apply)
      + default_security_group_id = (known after apply)
      + folder_id                 = (known after apply)
      + id                        = (known after apply)
      + labels                    = (known after apply)
      + name                      = "wp-network"
      + subnet_ids                = (known after apply)
    }

  # yandex_vpc_subnet.wp-subnet-a will be created
  + resource "yandex_vpc_subnet" "wp-subnet-a" {
      + created_at     = (known after apply)
      + folder_id      = (known after apply)
      + id             = (known after apply)
      + labels         = (known after apply)
      + name           = "wp-subnet-a"
      + network_id     = (known after apply)
      + v4_cidr_blocks = [
          + "10.2.0.0/16",
        ]
      + v6_cidr_blocks = (known after apply)
      + zone           = "ru-central1-a"
    }

  # yandex_vpc_subnet.wp-subnet-b will be created
  + resource "yandex_vpc_subnet" "wp-subnet-b" {
      + created_at     = (known after apply)
      + folder_id      = (known after apply)
      + id             = (known after apply)
      + labels         = (known after apply)
      + name           = "wp-subnet-b"
      + network_id     = (known after apply)
      + v4_cidr_blocks = [
          + "10.3.0.0/16",
        ]
      + v6_cidr_blocks = (known after apply)
      + zone           = "ru-central1-b"
    }

Plan: 10 to add, 0 to change, 0 to destroy.

Changes to Outputs:
  + database_host_fqdn           = [
      + (known after apply),
      + (known after apply),
    ]
  + db_name                      = "db"
  + db_password                  = (sensitive value)
  + db_user                      = "user"
  + load_balancer_public_ip      = (known after apply)
  + vm_linux_2_public_ip_address = (known after apply)
  + vm_linux_public_ip_address   = (known after apply)
  + vm_ssh_user                  = "zodiac"
yandex_vpc_network.wp-network[0]: Creating...
yandex_vpc_network.wp-network[0]: Creation complete after 2s [id=enpofnkh69kb36tg1me6]
yandex_vpc_subnet.wp-subnet-a: Creating...
yandex_vpc_subnet.wp-subnet-b: Creating...
yandex_vpc_subnet.wp-subnet-a: Creation complete after 1s [id=e9bopbuq3atqq9rdnn8p]
yandex_compute_instance.wp-app-1: Creating...
yandex_vpc_subnet.wp-subnet-b: Creation complete after 1s [id=e2ldro11lurdt5p0dbbk]
yandex_compute_instance.wp-app-2: Creating...
yandex_mdb_mysql_cluster.wp_mysql: Creating...
yandex_compute_instance.wp-app-1: Still creating... [00m10s elapsed]
yandex_mdb_mysql_cluster.wp_mysql: Still creating... [00m10s elapsed]
yandex_compute_instance.wp-app-2: Still creating... [00m10s elapsed]
yandex_compute_instance.wp-app-1: Still creating... [00m20s elapsed]
yandex_compute_instance.wp-app-2: Still creating... [00m20s elapsed]
yandex_mdb_mysql_cluster.wp_mysql: Still creating... [00m20s elapsed]
yandex_compute_instance.wp-app-1: Still creating... [00m30s elapsed]
yandex_mdb_mysql_cluster.wp_mysql: Still creating... [00m30s elapsed]
yandex_compute_instance.wp-app-2: Still creating... [00m30s elapsed]
yandex_compute_instance.wp-app-1: Still creating... [00m40s elapsed]
yandex_compute_instance.wp-app-2: Creation complete after 40s [id=epdiutnih8qjn5rhgh1f]
yandex_mdb_mysql_cluster.wp_mysql: Still creating... [00m40s elapsed]
yandex_compute_instance.wp-app-1: Creation complete after 47s [id=fhmtghmg5h19cjimi5us]
yandex_lb_target_group.wp_tg: Creating...
yandex_lb_target_group.wp_tg: Creation complete after 2s [id=enpk5vruh6lep7u4dp0v]
yandex_lb_network_load_balancer.wp_lb: Creating...
yandex_mdb_mysql_cluster.wp_mysql: Still creating... [00m50s elapsed]
yandex_lb_network_load_balancer.wp_lb: Creation complete after 4s [id=enp2qnl559ol5jtug4m5]
yandex_mdb_mysql_cluster.wp_mysql: Still creating... [01m00s elapsed]
yandex_mdb_mysql_cluster.wp_mysql: Still creating... [01m10s elapsed]
yandex_mdb_mysql_cluster.wp_mysql: Still creating... [01m20s elapsed]
yandex_mdb_mysql_cluster.wp_mysql: Still creating... [01m30s elapsed]
yandex_mdb_mysql_cluster.wp_mysql: Still creating... [01m40s elapsed]
yandex_mdb_mysql_cluster.wp_mysql: Still creating... [01m50s elapsed]
yandex_mdb_mysql_cluster.wp_mysql: Still creating... [02m00s elapsed]
yandex_mdb_mysql_cluster.wp_mysql: Still creating... [02m10s elapsed]
yandex_mdb_mysql_cluster.wp_mysql: Still creating... [02m20s elapsed]
yandex_mdb_mysql_cluster.wp_mysql: Still creating... [02m30s elapsed]
yandex_mdb_mysql_cluster.wp_mysql: Still creating... [02m40s elapsed]
yandex_mdb_mysql_cluster.wp_mysql: Still creating... [02m50s elapsed]
yandex_mdb_mysql_cluster.wp_mysql: Still creating... [03m00s elapsed]
yandex_mdb_mysql_cluster.wp_mysql: Still creating... [03m10s elapsed]
yandex_mdb_mysql_cluster.wp_mysql: Still creating... [03m20s elapsed]
yandex_mdb_mysql_cluster.wp_mysql: Still creating... [03m30s elapsed]
yandex_mdb_mysql_cluster.wp_mysql: Still creating... [03m40s elapsed]
yandex_mdb_mysql_cluster.wp_mysql: Still creating... [03m50s elapsed]
yandex_mdb_mysql_cluster.wp_mysql: Still creating... [04m00s elapsed]
yandex_mdb_mysql_cluster.wp_mysql: Still creating... [04m10s elapsed]
yandex_mdb_mysql_cluster.wp_mysql: Still creating... [04m20s elapsed]
yandex_mdb_mysql_cluster.wp_mysql: Still creating... [04m30s elapsed]
yandex_mdb_mysql_cluster.wp_mysql: Still creating... [04m40s elapsed]
yandex_mdb_mysql_cluster.wp_mysql: Still creating... [04m50s elapsed]
yandex_mdb_mysql_cluster.wp_mysql: Still creating... [05m00s elapsed]
yandex_mdb_mysql_cluster.wp_mysql: Still creating... [05m10s elapsed]
yandex_mdb_mysql_cluster.wp_mysql: Still creating... [05m20s elapsed]
yandex_mdb_mysql_cluster.wp_mysql: Still creating... [05m30s elapsed]
yandex_mdb_mysql_cluster.wp_mysql: Still creating... [05m40s elapsed]
yandex_mdb_mysql_cluster.wp_mysql: Still creating... [05m50s elapsed]
yandex_mdb_mysql_cluster.wp_mysql: Still creating... [06m00s elapsed]
yandex_mdb_mysql_cluster.wp_mysql: Still creating... [06m10s elapsed]
yandex_mdb_mysql_cluster.wp_mysql: Still creating... [06m20s elapsed]
yandex_mdb_mysql_cluster.wp_mysql: Still creating... [06m30s elapsed]
yandex_mdb_mysql_cluster.wp_mysql: Still creating... [06m40s elapsed]
yandex_mdb_mysql_cluster.wp_mysql: Still creating... [06m50s elapsed]
yandex_mdb_mysql_cluster.wp_mysql: Still creating... [07m00s elapsed]
yandex_mdb_mysql_cluster.wp_mysql: Still creating... [07m10s elapsed]
yandex_mdb_mysql_cluster.wp_mysql: Still creating... [07m20s elapsed]
yandex_mdb_mysql_cluster.wp_mysql: Still creating... [07m30s elapsed]
yandex_mdb_mysql_cluster.wp_mysql: Creation complete after 7m37s [id=c9qm790gqjr2phllgojr]
yandex_mdb_mysql_database.wp_db: Creating...
yandex_mdb_mysql_database.wp_db: Still creating... [00m10s elapsed]
yandex_mdb_mysql_database.wp_db: Still creating... [00m20s elapsed]
yandex_mdb_mysql_database.wp_db: Still creating... [00m30s elapsed]
yandex_mdb_mysql_database.wp_db: Still creating... [00m40s elapsed]
yandex_mdb_mysql_database.wp_db: Still creating... [00m50s elapsed]
yandex_mdb_mysql_database.wp_db: Creation complete after 52s [id=c9qm790gqjr2phllgojr:db]
yandex_mdb_mysql_user.wp_db_user: Creating...
yandex_mdb_mysql_user.wp_db_user: Still creating... [00m10s elapsed]
yandex_mdb_mysql_user.wp_db_user: Still creating... [00m20s elapsed]
yandex_mdb_mysql_user.wp_db_user: Still creating... [00m30s elapsed]
yandex_mdb_mysql_user.wp_db_user: Still creating... [00m40s elapsed]
yandex_mdb_mysql_user.wp_db_user: Still creating... [00m50s elapsed]
yandex_mdb_mysql_user.wp_db_user: Still creating... [01m00s elapsed]
yandex_mdb_mysql_user.wp_db_user: Creation complete after 1m4s [id=c9qm790gqjr2phllgojr:user]

Apply complete! Resources: 10 added, 0 changed, 0 destroyed.

Outputs:

database_host_fqdn = tolist([
  "rc1a-ir6pk7gu5482rsv9.mdb.yandexcloud.net",
  "rc1b-m5b4t6n16852ue8v.mdb.yandexcloud.net",
])
db_name = "db"
db_password = <sensitive>
db_user = "user"
load_balancer_public_ip = "158.160.204.213"
vm_linux_2_public_ip_address = "158.160.10.33"
vm_linux_public_ip_address = "178.154.202.113"
vm_ssh_user = "zodiac"
zodiac@owgrant:/mnt/d/mygit/Infrastructure-as-a-code/ansible$ ansible-playbook playbooks/install.yml

PLAY [wp_app] *********************************************************************************************************************************

TASK [Gathering Facts] ************************************************************************************************************************
ok: [app2]
ok: [app]

TASK [wordpress : Update apt-get repo and cache] **********************************************************************************************
changed: [app2]
changed: [app]

TASK [wordpress : install dependencies] *******************************************************************************************************
changed: [app]
changed: [app2]

TASK [wordpress : Create the installation directory] ******************************************************************************************
changed: [app2]
changed: [app]

TASK [wordpress : Install WordPress] **********************************************************************************************************
changed: [app2]
changed: [app]

TASK [wordpress : Copy file with owner and permissions] ***************************************************************************************
changed: [app2]
changed: [app]

TASK [wordpress : Enable URL rewriting] *******************************************************************************************************
changed: [app2]
changed: [app]

TASK [wordpress : Enable the site] ************************************************************************************************************
changed: [app2]
changed: [app]

TASK [wordpress : Disable the default “It Works” site] ****************************************************************************************
changed: [app2]
changed: [app]

TASK [wordpress : Reload service apache2] *****************************************************************************************************
changed: [app2]
changed: [app]

TASK [wordpress : Install mysql cert] *********************************************************************************************************
changed: [app2]
changed: [app]

TASK [wordpress : Update cert index] **********************************************************************************************************
changed: [app2]
changed: [app]

TASK [wordpress : Configure WordPress] ********************************************************************************************************
changed: [app2]
changed: [app]

PLAY RECAP ************************************************************************************************************************************
app                        : ok=13   changed=12   unreachable=0    failed=0    skipped=0    rescued=0    ignored=0   
app2                       : ok=13   changed=12   unreachable=0    failed=0    skipped=0    rescued=0    ignored=0

zodiac@owgrant:/mnt/d/mygit/Infrastructure-as-a-code/ansible$ 